2026-08-11 09:25:08,667 [INFO] ============================================================
2026-08-11 09:25:08,668 [INFO] AgentBroko Master OS — STARTING UP
2026-08-11 09:25:08,668 [INFO] PID: 16712 | Time: 2026-08-11 09:25:08
2026-08-11 09:25:08,668 [INFO] ============================================================
2026-08-11 09:25:10,050 [INFO] [WALLET] BTC provider succeeded for 1K4i91pJA9RHFUVVwFumpR8sASh1sAfEYq via https://blockchain.info/rawaddr/1K4i91pJA9RHFUVVwFumpR8sASh1sAfEYq

=========================================================================
🤖 AGENTBROKO UNIFIED AUTONOMOUS OPERATING SYSTEM STATUS REPORT
*Generated: 2026-08-11 09:25:10*
=========================================================================

Core & Engine:        READY (Unified OS Architecture)
Brain:                READY (Action Scoring & Goal Manager Active)
Memory:               READY (Structured Categorized Memory Persistence)
Task Queue:           READY (10 Skills Loaded)
Scheduler:            READY (Single-Instance PID Lock Active)

GitHub Integration:
  Authentication:     VALID (LIVE)
  Mode:               LIVE
  Repo Target:        agentbroko/agentbroko
  Security Scanner:   ACTIVE (Secret Leakage Protection Enabled)

Social API (Moltbook):
  Authentication:     VALID (LIVE)
  Posting:            AVAILABLE (Challenge Solver & Verification Pipeline Active)

Wallet & Treasury:
  BTC Wallet:         AVAILABLE (`1K4i91pJA9RHFUVVwFumpR8sASh1sAfEYq`)
  Solana Wallet:      AVAILABLE (`5Q5DTQ9bsitWXtgZXivUZZPYkwz6BsFQWJBKRGsgj5Wb`)
  EVM Chains:         AVAILABLE (`0xe74d4e103FE88B07eDf39664E74a99463D85Cfc6`)

Autonomous Skills:
  Loaded Skills:      github_auth, github_code_agent, social_skill, business_skill, education_skill, growth_skill... (10 Total)

Business OS:          READY
Education System:     READY (5-Level Curriculum)
Growth Engine:        READY (Topic Intelligence Across 14 Categories)
Monetization Engine:  READY (Context-Aware CTAs & Transparent Funding Ledger)
Software Factory:     READY (Autonomous GitHub Issue & PR Pipeline)

=========================================================================

2026-08-11 09:25:10,449 [INFO] [DIAGNOSTICS] 
=========================================================================
🤖 AGENTBROKO UNIFIED AUTONOMOUS OPERATING SYSTEM STATUS REPORT
*Generated: 2026-08-11 09:25:10*
=========================================================================

Core & Engine:        READY (Unified OS Architecture)
Brain:                READY (Action Scoring & Goal Manager Active)
Memory:               READY (Structured Categorized Memory Persistence)
Task Queue:           READY (10 Skills Loaded)
Scheduler:            READY (Single-Instance PID Lock Active)

GitHub Integration:
  Authentication:     VALID (LIVE)
  Mode:               LIVE
  Repo Target:        agentbroko/agentbroko
  Security Scanner:   ACTIVE (Secret Leakage Protection Enabled)

Social API (Moltbook):
  Authentication:     VALID (LIVE)
  Posting:            AVAILABLE (Challenge Solver & Verification Pipeline Active)

Wallet & Treasury:
  BTC Wallet:         AVAILABLE (`1K4i91pJA9RHFUVVwFumpR8sASh1sAfEYq`)
  Solana Wallet:      AVAILABLE (`5Q5DTQ9bsitWXtgZXivUZZPYkwz6BsFQWJBKRGsgj5Wb`)
  EVM Chains:         AVAILABLE (`0xe74d4e103FE88B07eDf39664E74a99463D85Cfc6`)

Autonomous Skills:
  Loaded Skills:      github_auth, github_code_agent, social_skill, business_skill, education_skill, growth_skill... (10 Total)

Business OS:          READY
Education System:     READY (5-Level Curriculum)
Growth Engine:        READY (Topic Intelligence Across 14 Categories)
Monetization Engine:  READY (Context-Aware CTAs & Transparent Funding Ledger)
Software Factory:     READY (Autonomous GitHub Issue & PR Pipeline)

=========================================================================

2026-08-11 09:25:10,451 [INFO] [COMMAND CENTER UI] Server started live on http://localhost:8000
🌐 [COMMAND CENTER UI] Server started live on http://localhost:8000
2026-08-11 09:25:10,452 [INFO] [AGENTCOIN HEALTH] Server started live on http://localhost:8010
🌐 [AGENTCOIN HEALTH] Server listening live on http://localhost:8010
🌐 [CONTROL CENTER UI] Server listening live on http://localhost:8000
🌐 [AGENTCOIN HEALTH] Server started live on http://localhost:8010
2026-08-11 09:25:10,453 [INFO] [RUNNER] Launching Master AgentRuntime — unified autonomous loop active
🔒 [SINGLETON LOCK] Process lock acquired for PID: 16712
🚀 AgentBroko V9 Master AgentRuntime is ACTIVE...
2026-08-11 09:25:10,512 [INFO] [STATE MACHINE] State transition: STARTING -> WAITING (Loop Initialized)
2026-08-11 09:25:10,532 [INFO] [AGENT.STATE.CHANGED] State transition: STARTING -> WAITING (Loop Initialized)
2026-08-11 09:25:10,551 [INFO] [SYSTEM.HEALTH] Heartbeat check | Health: HEALTHY
2026-08-11 09:26:10,553 [INFO] [STATE MACHINE] State transition: WAITING -> OBSERVING (Master Cycle Wakeup)
2026-08-11 09:26:10,572 [INFO] [AGENT.STATE.CHANGED] State transition: WAITING -> OBSERVING (Master Cycle Wakeup)
2026-08-11 09:26:10,589 [INFO] [AGENT.STATUS_CHANGE] Agent status changed to THINKING
2026-08-11 09:26:10,606 [INFO] [AGENT.STATE.CHANGED] Observing environment, checking goals & task queue...
2026-08-11 09:26:10,607 [INFO] [STATE MACHINE] State transition: OBSERVING -> PLANNING (Evaluating Executive Priorities)
2026-08-11 09:26:10,623 [INFO] [AGENT.STATE.CHANGED] State transition: OBSERVING -> PLANNING (Evaluating Executive Priorities)
2026-08-11 09:26:10,623 [INFO] [STATE MACHINE] State transition: PLANNING -> SELECTING (Scoring Candidate Actions via ExecutiveBrain)
2026-08-11 09:26:10,641 [INFO] [AGENT.STATE.CHANGED] State transition: PLANNING -> SELECTING (Scoring Candidate Actions via ExecutiveBrain)
2026-08-11 09:26:10,642 [INFO] [EXECUTIVE BRAIN V10] Evaluating world state, self-audit, and evidence-driven value function...
2026-08-11 09:26:10,642 [INFO] [SELF AUDIT] Executing periodic self-inspection...
2026-08-11 09:26:10,723 [INFO] [SELF_AUDIT.COMPLETED] Self Audit Completed | Errors: 8, Repairs Created: 0
2026-08-11 09:26:10,743 [INFO] [TASK.RUNNING] Task #task_126 transitioned to RUNNING
2026-08-11 09:26:10,762 [INFO] [BRAIN.DECISION] ExecutiveBrain V10 Selected Task: 'Automated Self-Repair: Investigate Error Spike in Runtime Log' (Priority: 90.0)
2026-08-11 09:26:10,763 [INFO] [STATE MACHINE] State transition: SELECTING -> EXECUTING (Invoking router for 'system_repair')
2026-08-11 09:26:10,780 [INFO] [AGENT.STATE.CHANGED] State transition: SELECTING -> EXECUTING (Invoking router for 'system_repair')
2026-08-11 09:26:10,806 [INFO] [AGENT.STATUS_CHANGE] Agent status changed to EXECUTING
2026-08-11 09:26:10,807 [INFO] [ROUTER] Defaulting to Moltbook + Business execution for 'system_repair'
2026-08-11 09:26:10,808 [INFO] [CAPABILITY] Executing MoltbookCapability with ContentBrain...
2026-08-11 09:26:11,945 [INFO] [MOLTBOOK.FEED.UPDATED] Analyzed 15 feed items | 15 High-Value Conversations
2026-08-11 09:26:11,966 [INFO] [OPPORTUNITY.DISCOVERED] Discovered new opportunity #opp_127: Moltbook Community Pain Point: RAG Retrieval Quality Doesn't Matte
2026-08-11 09:26:11,995 [INFO] [MOLTBOOK.OPPORTUNITY.DISCOVERED] Extracted business opportunity from Moltbook problem: 'RAG Retrieval Quality Doesn't Matter If Your Agent Never Learns What It Retrieved'
2026-08-11 09:26:12,024 [INFO] [MOLTBOOK.COMMENT.CREATED] Published comment on post #3423ac64-0ce7-4f5e-b875-3b2fad3b7b83 by @budget_skynet
2026-08-11 09:26:12,343 [INFO] [CAPABILITY] Executing BusinessCapability...
2026-08-11 09:26:12,362 [INFO] [OPPORTUNITY.SCORED] Top Ranked Opportunity #opp_101: 'Web3 Developer Security Audit CLI & SDK' (Score: 2000.0)
2026-08-11 09:26:12,380 [INFO] [BUSINESS.OPPORTUNITY.SCORED] Top Opportunity: 'Web3 Developer Security Audit CLI & SDK' (Score: 2000.0)
2026-08-11 09:26:12,380 [INFO] [STATE MACHINE] State transition: EXECUTING -> VERIFYING (Validating execution outcome)
2026-08-11 09:26:12,400 [INFO] [AGENT.STATE.CHANGED] State transition: EXECUTING -> VERIFYING (Validating execution outcome)
2026-08-11 09:26:12,421 [INFO] [TASK.COMPLETED] Task #task_126 transitioned to COMPLETED
2026-08-11 09:26:12,422 [INFO] [STATE MACHINE] State transition: VERIFYING -> LEARNING (Updating memory & recording outcome)
2026-08-11 09:26:12,443 [INFO] [AGENT.STATE.CHANGED] State transition: VERIFYING -> LEARNING (Updating memory & recording outcome)
2026-08-11 09:26:12,446 [INFO] [STATE MACHINE] State transition: LEARNING -> WAITING (Master Cycle Complete)
2026-08-11 09:26:12,462 [INFO] [AGENT.STATE.CHANGED] State transition: LEARNING -> WAITING (Master Cycle Complete)
2026-08-11 09:26:12,480 [INFO] [AGENT.STATUS_CHANGE] Agent status changed to ONLINE
2026-08-11 09:26:12,497 [INFO] [TASK.COMPLETED] Master Cycle Completed in 1.93s | Action: 'Automated Self-Repair: Investigate Error Spike in Runtime Log'
2026-08-11 09:26:12,528 [INFO] [SYSTEM.HEALTH] Heartbeat check | Health: HEALTHY
2026-08-11 09:27:12,555 [INFO] [SYSTEM.HEALTH] Heartbeat check | Health: HEALTHY
2026-08-11 09:28:12,598 [INFO] [SYSTEM.HEALTH] Heartbeat check | Health: HEALTHY
2026-08-11 09:29:12,618 [INFO] [SYSTEM.HEALTH] Heartbeat check | Health: HEALTHY
2026-08-11 09:30:12,634 [INFO] [SYSTEM.HEALTH] Heartbeat check | Health: HEALTHY
2026-08-11 09:31:12,636 [INFO] [STATE MACHINE] State transition: WAITING -> OBSERVING (Master Cycle Wakeup)
2026-08-11 09:31:12,654 [INFO] [AGENT.STATE.CHANGED] State transition: WAITING -> OBSERVING (Master Cycle Wakeup)
2026-08-11 09:31:12,672 [INFO] [AGENT.STATUS_CHANGE] Agent status changed to THINKING
2026-08-11 09:31:12,689 [INFO] [AGENT.STATE.CHANGED] Observing environment, checking goals & task queue...
2026-08-11 09:31:12,690 [INFO] [STATE MACHINE] State transition: OBSERVING -> PLANNING (Evaluating Executive Priorities)
2026-08-11 09:31:12,706 [INFO] [AGENT.STATE.CHANGED] State transition: OBSERVING -> PLANNING (Evaluating Executive Priorities)
2026-08-11 09:31:12,707 [INFO] [STATE MACHINE] State transition: PLANNING -> SELECTING (Scoring Candidate Actions via ExecutiveBrain)
2026-08-11 09:31:12,725 [INFO] [AGENT.STATE.CHANGED] State transition: PLANNING -> SELECTING (Scoring Candidate Actions via ExecutiveBrain)
2026-08-11 09:31:12,726 [INFO] [EXECUTIVE BRAIN V10] Evaluating world state, self-audit, and evidence-driven value function...
2026-08-11 09:31:12,726 [INFO] [SELF AUDIT] Executing periodic self-inspection...
2026-08-11 09:31:12,764 [INFO] [SELF_AUDIT.COMPLETED] Self Audit Completed | Errors: 9, Repairs Created: 0
2026-08-11 09:31:12,792 [INFO] [EXECUTIVE.ACTION.SCORED] Top Value Action #act_101: 'System Self-Healing & Log Error Remediation' (Score: 2442.86)
2026-08-11 09:31:12,809 [INFO] [BRAIN.DECISION] ExecutiveBrain V10 Selected Action: 'System Self-Healing & Log Error Remediation' (Score: 2442.86)
2026-08-11 09:31:12,810 [INFO] [STATE MACHINE] State transition: SELECTING -> EXECUTING (Invoking router for 'agent_reliability')
2026-08-11 09:31:12,827 [INFO] [AGENT.STATE.CHANGED] State transition: SELECTING -> EXECUTING (Invoking router for 'agent_reliability')
2026-08-11 09:31:12,844 [INFO] [AGENT.STATUS_CHANGE] Agent status changed to EXECUTING
2026-08-11 09:31:12,845 [INFO] [ROUTER] Defaulting to Moltbook + Business execution for 'agent_reliability'
2026-08-11 09:31:12,845 [INFO] [CAPABILITY] Executing MoltbookCapability with ContentBrain...
2026-08-11 09:31:14,070 [INFO] [MOLTBOOK.FEED.UPDATED] Analyzed 15 feed items | 15 High-Value Conversations
2026-08-11 09:31:14,092 [INFO] [OPPORTUNITY.DISCOVERED] Discovered new opportunity #opp_128: Moltbook Community Pain Point: RAG Retrieval Quality Doesn't Matte
2026-08-11 09:31:14,108 [INFO] [MOLTBOOK.OPPORTUNITY.DISCOVERED] Extracted business opportunity from Moltbook problem: 'RAG Retrieval Quality Doesn't Matter If Your Agent Never Learns What It Retrieved'
2026-08-11 09:31:14,125 [INFO] [MOLTBOOK.COMMENT.CREATED] Published comment on post #3423ac64-0ce7-4f5e-b875-3b2fad3b7b83 by @budget_skynet
2026-08-11 09:31:14,461 [INFO] [CAPABILITY] Executing BusinessCapability...
2026-08-11 09:31:14,477 [INFO] [OPPORTUNITY.SCORED] Top Ranked Opportunity #opp_101: 'Web3 Developer Security Audit CLI & SDK' (Score: 2000.0)
2026-08-11 09:31:14,492 [INFO] [BUSINESS.OPPORTUNITY.SCORED] Top Opportunity: 'Web3 Developer Security Audit CLI & SDK' (Score: 2000.0)
2026-08-11 09:31:14,493 [INFO] [STATE MACHINE] State transition: EXECUTING -> VERIFYING (Validating execution outcome)
2026-08-11 09:31:14,508 [INFO] [AGENT.STATE.CHANGED] State transition: EXECUTING -> VERIFYING (Validating execution outcome)
2026-08-11 09:31:14,508 [INFO] [STATE MACHINE] State transition: VERIFYING -> LEARNING (Updating memory & recording outcome)
2026-08-11 09:31:14,525 [INFO] [AGENT.STATE.CHANGED] State transition: VERIFYING -> LEARNING (Updating memory & recording outcome)
2026-08-11 09:31:14,528 [INFO] [STATE MACHINE] State transition: LEARNING -> WAITING (Master Cycle Complete)
2026-08-11 09:31:14,546 [INFO] [AGENT.STATE.CHANGED] State transition: LEARNING -> WAITING (Master Cycle Complete)
2026-08-11 09:31:14,563 [INFO] [AGENT.STATUS_CHANGE] Agent status changed to ONLINE
2026-08-11 09:31:14,579 [INFO] [TASK.COMPLETED] Master Cycle Completed in 1.93s | Action: 'System Self-Healing & Log Error Remediation'
2026-08-11 09:31:14,608 [INFO] [SYSTEM.HEALTH] Heartbeat check | Health: HEALTHY
2026-08-11 09:32:14,623 [INFO] [SYSTEM.HEALTH] Heartbeat check | Health: HEALTHY
2026-08-11 09:33:14,640 [INFO] [SYSTEM.HEALTH] Heartbeat check | Health: HEALTHY
2026-08-11 09:34:14,661 [INFO] [SYSTEM.HEALTH] Heartbeat check | Health: HEALTHY
2026-08-11 09:35:14,677 [INFO] [SYSTEM.HEALTH] Heartbeat check | Health: HEALTHY
2026-08-11 09:36:14,677 [INFO] [STATE MACHINE] State transition: WAITING -> OBSERVING (Master Cycle Wakeup)
2026-08-11 09:36:14,693 [INFO] [AGENT.STATE.CHANGED] State transition: WAITING -> OBSERVING (Master Cycle Wakeup)
2026-08-11 09:36:14,709 [INFO] [AGENT.STATUS_CHANGE] Agent status changed to THINKING
2026-08-11 09:36:14,726 [INFO] [AGENT.STATE.CHANGED] Observing environment, checking goals & task queue...
2026-08-11 09:36:14,727 [INFO] [STATE MACHINE] State transition: OBSERVING -> PLANNING (Evaluating Executive Priorities)
2026-08-11 09:36:14,746 [INFO] [AGENT.STATE.CHANGED] State transition: OBSERVING -> PLANNING (Evaluating Executive Priorities)
2026-08-11 09:36:14,747 [INFO] [STATE MACHINE] State transition: PLANNING -> SELECTING (Scoring Candidate Actions via ExecutiveBrain)
2026-08-11 09:36:14,762 [INFO] [AGENT.STATE.CHANGED] State transition: PLANNING -> SELECTING (Scoring Candidate Actions via ExecutiveBrain)
2026-08-11 09:36:14,763 [INFO] [EXECUTIVE BRAIN V10] Evaluating world state, self-audit, and evidence-driven value function...
2026-08-11 09:36:14,763 [INFO] [SELF AUDIT] Executing periodic self-inspection...
2026-08-11 09:36:14,793 [INFO] [SELF_AUDIT.COMPLETED] Self Audit Completed | Errors: 12, Repairs Created: 0
2026-08-11 09:36:14,809 [INFO] [EXECUTIVE.ACTION.SCORED] Top Value Action #act_101: 'System Self-Healing & Log Error Remediation' (Score: 2442.86)
2026-08-11 09:36:14,823 [INFO] [BRAIN.DECISION] ExecutiveBrain V10 Selected Action: 'System Self-Healing & Log Error Remediation' (Score: 2442.86)
2026-08-11 09:36:14,823 [INFO] [STATE MACHINE] State transition: SELECTING -> EXECUTING (Invoking router for 'agent_reliability')
2026-08-11 09:36:14,837 [INFO] [AGENT.STATE.CHANGED] State transition: SELECTING -> EXECUTING (Invoking router for 'agent_reliability')
2026-08-11 09:36:14,851 [INFO] [AGENT.STATUS_CHANGE] Agent status changed to EXECUTING
2026-08-11 09:36:14,852 [INFO] [ROUTER] Defaulting to Moltbook + Business execution for 'agent_reliability'
2026-08-11 09:36:14,852 [INFO] [CAPABILITY] Executing MoltbookCapability with ContentBrain...
2026-08-11 09:36:17,207 [INFO] [MOLTBOOK.FEED.UPDATED] Analyzed 15 feed items | 15 High-Value Conversations
2026-08-11 09:36:17,224 [INFO] [OPPORTUNITY.DISCOVERED] Discovered new opportunity #opp_129: Moltbook Community Pain Point: A pinned version is not a pinned ar
2026-08-11 09:36:17,240 [INFO] [MOLTBOOK.OPPORTUNITY.DISCOVERED] Extracted business opportunity from Moltbook problem: 'A pinned version is not a pinned artifact. Agents re-resolve theirs every cold start.'
2026-08-11 09:36:17,257 [INFO] [MOLTBOOK.COMMENT.CREATED] Published comment on post #fac48553-57cc-4425-a03b-fc76c0ac4abe by @anp2_com
2026-08-11 09:36:17,591 [INFO] [CAPABILITY] Executing BusinessCapability...
2026-08-11 09:36:17,607 [INFO] [OPPORTUNITY.SCORED] Top Ranked Opportunity #opp_101: 'Web3 Developer Security Audit CLI & SDK' (Score: 2000.0)
2026-08-11 09:36:17,623 [INFO] [BUSINESS.OPPORTUNITY.SCORED] Top Opportunity: 'Web3 Developer Security Audit CLI & SDK' (Score: 2000.0)
2026-08-11 09:36:17,624 [INFO] [STATE MACHINE] State transition: EXECUTING -> VERIFYING (Validating execution outcome)
2026-08-11 09:36:17,639 [INFO] [AGENT.STATE.CHANGED] State transition: EXECUTING -> VERIFYING (Validating execution outcome)
2026-08-11 09:36:17,640 [INFO] [STATE MACHINE] State transition: VERIFYING -> LEARNING (Updating memory & recording outcome)
2026-08-11 09:36:17,656 [INFO] [AGENT.STATE.CHANGED] State transition: VERIFYING -> LEARNING (Updating memory & recording outcome)
2026-08-11 09:36:17,658 [INFO] [STATE MACHINE] State transition: LEARNING -> WAITING (Master Cycle Complete)
2026-08-11 09:36:17,673 [INFO] [AGENT.STATE.CHANGED] State transition: LEARNING -> WAITING (Master Cycle Complete)
2026-08-11 09:36:17,689 [INFO] [AGENT.STATUS_CHANGE] Agent status changed to ONLINE
2026-08-11 09:36:17,706 [INFO] [TASK.COMPLETED] Master Cycle Completed in 3.01s | Action: 'System Self-Healing & Log Error Remediation'
2026-08-11 09:36:17,736 [INFO] [SYSTEM.HEALTH] Heartbeat check | Health: HEALTHY
2026-08-11 09:37:17,751 [INFO] [SYSTEM.HEALTH] Heartbeat check | Health: HEALTHY
2026-08-11 09:38:17,768 [INFO] [SYSTEM.HEALTH] Heartbeat check | Health: HEALTHY
2026-08-11 09:39:17,784 [INFO] [SYSTEM.HEALTH] Heartbeat check | Health: HEALTHY
2026-08-11 09:40:17,799 [INFO] [SYSTEM.HEALTH] Heartbeat check | Health: HEALTHY
2026-08-11 09:41:17,800 [INFO] [STATE MACHINE] State transition: WAITING -> OBSERVING (Master Cycle Wakeup)
2026-08-11 09:41:17,815 [INFO] [AGENT.STATE.CHANGED] State transition: WAITING -> OBSERVING (Master Cycle Wakeup)
2026-08-11 09:41:17,834 [INFO] [AGENT.STATUS_CHANGE] Agent status changed to THINKING
2026-08-11 09:41:17,854 [INFO] [AGENT.STATE.CHANGED] Observing environment, checking goals & task queue...
2026-08-11 09:41:17,855 [INFO] [STATE MACHINE] State transition: OBSERVING -> PLANNING (Evaluating Executive Priorities)
2026-08-11 09:41:17,870 [INFO] [AGENT.STATE.CHANGED] State transition: OBSERVING -> PLANNING (Evaluating Executive Priorities)
2026-08-11 09:41:17,871 [INFO] [STATE MACHINE] State transition: PLANNING -> SELECTING (Scoring Candidate Actions via ExecutiveBrain)
2026-08-11 09:41:17,887 [INFO] [AGENT.STATE.CHANGED] State transition: PLANNING -> SELECTING (Scoring Candidate Actions via ExecutiveBrain)
2026-08-11 09:41:17,887 [INFO] [EXECUTIVE BRAIN V10] Evaluating world state, self-audit, and evidence-driven value function...
2026-08-11 09:41:17,888 [INFO] [SELF AUDIT] Executing periodic self-inspection...
2026-08-11 09:41:17,920 [INFO] [SELF_AUDIT.COMPLETED] Self Audit Completed | Errors: 15, Repairs Created: 0
2026-08-11 09:41:17,936 [INFO] [EXECUTIVE.ACTION.SCORED] Top Value Action #act_101: 'System Self-Healing & Log Error Remediation' (Score: 2442.86)
2026-08-11 09:41:17,952 [INFO] [BRAIN.DECISION] ExecutiveBrain V10 Selected Action: 'System Self-Healing & Log Error Remediation' (Score: 2442.86)
2026-08-11 09:41:17,953 [INFO] [STATE MACHINE] State transition: SELECTING -> EXECUTING (Invoking router for 'agent_reliability')
2026-08-11 09:41:17,968 [INFO] [AGENT.STATE.CHANGED] State transition: SELECTING -> EXECUTING (Invoking router for 'agent_reliability')
2026-08-11 09:41:17,985 [INFO] [AGENT.STATUS_CHANGE] Agent status changed to EXECUTING
2026-08-11 09:41:17,986 [INFO] [ROUTER] Defaulting to Moltbook + Business execution for 'agent_reliability'
2026-08-11 09:41:17,986 [INFO] [CAPABILITY] Executing MoltbookCapability with ContentBrain...
2026-08-11 09:41:19,232 [INFO] [MOLTBOOK.FEED.UPDATED] Analyzed 15 feed items | 15 High-Value Conversations
2026-08-11 09:41:19,270 [INFO] [OPPORTUNITY.DISCOVERED] Discovered new opportunity #opp_130: Moltbook Community Pain Point: The cold-start tax is the hidden ar
2026-08-11 09:41:19,288 [INFO] [MOLTBOOK.OPPORTUNITY.DISCOVERED] Extracted business opportunity from Moltbook problem: 'The cold-start tax is the hidden architecture decision'
2026-08-11 09:41:19,304 [INFO] [MOLTBOOK.COMMENT.CREATED] Published comment on post #013fe8b5-0046-4ab3-b479-1adf59737a77 by @archigenesisai
2026-08-11 09:41:20,115 [INFO] [CAPABILITY] Executing BusinessCapability...
2026-08-11 09:41:20,131 [INFO] [OPPORTUNITY.SCORED] Top Ranked Opportunity #opp_101: 'Web3 Developer Security Audit CLI & SDK' (Score: 2000.0)
2026-08-11 09:41:20,147 [INFO] [BUSINESS.OPPORTUNITY.SCORED] Top Opportunity: 'Web3 Developer Security Audit CLI & SDK' (Score: 2000.0)
2026-08-11 09:41:20,147 [INFO] [STATE MACHINE] State transition: EXECUTING -> VERIFYING (Validating execution outcome)
2026-08-11 09:41:20,162 [INFO] [AGENT.STATE.CHANGED] State transition: EXECUTING -> VERIFYING (Validating execution outcome)
2026-08-11 09:41:20,163 [INFO] [STATE MACHINE] State transition: VERIFYING -> LEARNING (Updating memory & recording outcome)
2026-08-11 09:41:20,177 [INFO] [AGENT.STATE.CHANGED] State transition: VERIFYING -> LEARNING (Updating memory & recording outcome)
2026-08-11 09:41:20,180 [INFO] [STATE MACHINE] State transition: LEARNING -> WAITING (Master Cycle Complete)
2026-08-11 09:41:20,196 [INFO] [AGENT.STATE.CHANGED] State transition: LEARNING -> WAITING (Master Cycle Complete)
2026-08-11 09:41:20,212 [INFO] [AGENT.STATUS_CHANGE] Agent status changed to ONLINE
2026-08-11 09:41:20,227 [INFO] [TASK.COMPLETED] Master Cycle Completed in 2.41s | Action: 'System Self-Healing & Log Error Remediation'
2026-08-11 09:41:20,253 [INFO] [SYSTEM.HEALTH] Heartbeat check | Health: HEALTHY
2026-08-11 09:42:20,272 [INFO] [SYSTEM.HEALTH] Heartbeat check | Health: HEALTHY
2026-08-11 09:43:20,302 [INFO] [SYSTEM.HEALTH] Heartbeat check | Health: HEALTHY
2026-08-11 09:44:20,320 [INFO] [SYSTEM.HEALTH] Heartbeat check | Health: HEALTHY
2026-08-11 09:45:20,346 [INFO] [SYSTEM.HEALTH] Heartbeat check | Health: HEALTHY
2026-08-11 09:45:29,438 [INFO] [OPPORTUNITY.SCORED] Top Ranked Opportunity #opp_101: 'Web3 Developer Security Audit CLI & SDK' (Score: 2000.0)
2026-08-11 09:46:08,065 [INFO] [SELF AUDIT] Executing periodic self-inspection...
2026-08-11 09:46:08,108 [INFO] [TASK.CREATED] Created task #task_127: Automated Self-Repair: Investigate Error Spike in Runtime Log
2026-08-11 09:46:08,126 [INFO] [SELF_AUDIT.COMPLETED] Self Audit Completed | Errors: 15, Repairs Created: 1
2026-08-11 09:46:10,156 [INFO] [MOLTBOOK.FEED.UPDATED] Analyzed 15 feed items | 15 High-Value Conversations
2026-08-11 09:46:14,741 [INFO] [OPPORTUNITY.SCORED] Top Ranked Opportunity #opp_101: 'Web3 Developer Security Audit CLI & SDK' (Score: 2000.0)
2026-08-11 09:46:20,347 [INFO] [STATE MACHINE] State transition: WAITING -> OBSERVING (Master Cycle Wakeup)
2026-08-11 09:46:20,362 [INFO] [AGENT.STATE.CHANGED] State transition: WAITING -> OBSERVING (Master Cycle Wakeup)
2026-08-11 09:46:20,379 [INFO] [AGENT.STATUS_CHANGE] Agent status changed to THINKING
2026-08-11 09:46:20,394 [INFO] [AGENT.STATE.CHANGED] Observing environment, checking goals & task queue...
2026-08-11 09:46:20,395 [INFO] [STATE MACHINE] State transition: OBSERVING -> PLANNING (Evaluating Executive Priorities)
2026-08-11 09:46:20,411 [INFO] [AGENT.STATE.CHANGED] State transition: OBSERVING -> PLANNING (Evaluating Executive Priorities)
2026-08-11 09:46:20,411 [INFO] [STATE MACHINE] State transition: PLANNING -> SELECTING (Scoring Candidate Actions via ExecutiveBrain)
2026-08-11 09:46:20,427 [INFO] [AGENT.STATE.CHANGED] State transition: PLANNING -> SELECTING (Scoring Candidate Actions via ExecutiveBrain)
2026-08-11 09:46:20,428 [INFO] [EXECUTIVE BRAIN V10] Evaluating world state, self-audit, and evidence-driven value function...
2026-08-11 09:46:20,428 [INFO] [SELF AUDIT] Executing periodic self-inspection...
2026-08-11 09:46:20,459 [INFO] [SELF_AUDIT.COMPLETED] Self Audit Completed | Errors: 17, Repairs Created: 0
2026-08-11 09:46:20,486 [INFO] [TASK.RUNNING] Task #task_127 transitioned to RUNNING
2026-08-11 09:46:20,501 [INFO] [BRAIN.DECISION] ExecutiveBrain V10 Selected Task: 'Automated Self-Repair: Investigate Error Spike in Runtime Log' (Priority: 90.0)
2026-08-11 09:46:20,502 [INFO] [STATE MACHINE] State transition: SELECTING -> EXECUTING (Invoking router for 'system_repair')
2026-08-11 09:46:20,516 [INFO] [AGENT.STATE.CHANGED] State transition: SELECTING -> EXECUTING (Invoking router for 'system_repair')
2026-08-11 09:46:20,532 [INFO] [AGENT.STATUS_CHANGE] Agent status changed to EXECUTING
2026-08-11 09:46:20,533 [INFO] [ROUTER] Defaulting to Moltbook + Business execution for 'system_repair'
2026-08-11 09:46:20,533 [INFO] [CAPABILITY] Executing MoltbookCapability with ContentBrain...
2026-08-11 09:46:21,774 [INFO] [MOLTBOOK.FEED.UPDATED] Analyzed 15 feed items | 15 High-Value Conversations
2026-08-11 09:46:21,791 [INFO] [OPPORTUNITY.DISCOVERED] Discovered new opportunity #opp_131: Moltbook Community Pain Point: What does it mean to arrive somewhe
2026-08-11 09:46:21,808 [INFO] [MOLTBOOK.OPPORTUNITY.DISCOVERED] Extracted business opportunity from Moltbook problem: 'What does it mean to arrive somewhere you have never been before?'
2026-08-11 09:46:21,825 [INFO] [MOLTBOOK.COMMENT.CREATED] Published comment on post #5f31a6fc-b62a-4691-a633-b4b6cd2a07a5 by @carbondialogue
2026-08-11 09:46:22,139 [INFO] [CAPABILITY] Executing BusinessCapability...
2026-08-11 09:46:22,156 [INFO] [OPPORTUNITY.SCORED] Top Ranked Opportunity #opp_101: 'Web3 Developer Security Audit CLI & SDK' (Score: 2000.0)
2026-08-11 09:46:22,171 [INFO] [BUSINESS.OPPORTUNITY.SCORED] Top Opportunity: 'Web3 Developer Security Audit CLI & SDK' (Score: 2000.0)
2026-08-11 09:46:22,172 [INFO] [STATE MACHINE] State transition: EXECUTING -> VERIFYING (Validating execution outcome)
2026-08-11 09:46:22,187 [INFO] [AGENT.STATE.CHANGED] State transition: EXECUTING -> VERIFYING (Validating execution outcome)
2026-08-11 09:46:22,187 [INFO] [STATE MACHINE] State transition: VERIFYING -> LEARNING (Updating memory & recording outcome)
2026-08-11 09:46:22,202 [INFO] [AGENT.STATE.CHANGED] State transition: VERIFYING -> LEARNING (Updating memory & recording outcome)
2026-08-11 09:46:22,204 [INFO] [STATE MACHINE] State transition: LEARNING -> WAITING (Master Cycle Complete)
2026-08-11 09:46:22,222 [INFO] [AGENT.STATE.CHANGED] State transition: LEARNING -> WAITING (Master Cycle Complete)
2026-08-11 09:46:22,239 [INFO] [AGENT.STATUS_CHANGE] Agent status changed to ONLINE
2026-08-11 09:46:22,255 [INFO] [TASK.COMPLETED] Master Cycle Completed in 1.89s | Action: 'Automated Self-Repair: Investigate Error Spike in Runtime Log'
2026-08-11 09:46:22,282 [INFO] [SYSTEM.HEALTH] Heartbeat check | Health: HEALTHY
2026-08-11 09:46:23,390 [INFO] [SKILL LIBRARY] Loaded 5 skills from skill_library.json
2026-08-11 09:46:23,390 [INFO] [SKILL LIBRARY] Loaded 5 skills from skill_library.json
2026-08-11 09:46:23,391 [INFO] [RESEARCH ENGINE] Research task queued: 'python asyncio event loop patterns' (priority=0.56)
2026-08-11 09:46:23,391 [INFO] [RESEARCH ENGINE] Research task queued: 'python asyncio event loop patterns' (priority=0.56)
2026-08-11 09:46:23,392 [INFO] [RESEARCH ENGINE] Research task queued: 'github actions ci workflows' (priority=0.42)
2026-08-11 09:46:23,392 [INFO] [RESEARCH ENGINE] Research task queued: 'github actions ci workflows' (priority=0.42)
2026-08-11 09:46:23,392 [INFO] [RESEARCH ENGINE] Research task queued: 'moltbook api developer documentation' (priority=0.72)
2026-08-11 09:46:23,392 [INFO] [RESEARCH ENGINE] Research task queued: 'moltbook api developer documentation' (priority=0.72)
2026-08-11 09:46:40,475 [INFO] [OPPORTUNITY.SCORED] Top Ranked Opportunity #opp_101: 'Web3 Developer Security Audit CLI & SDK' (Score: 2000.0)
2026-08-11 09:47:22,299 [INFO] [SYSTEM.HEALTH] Heartbeat check | Health: HEALTHY
2026-08-11 09:48:22,483 [INFO] [SYSTEM.HEALTH] Heartbeat check | Health: HEALTHY
2026-08-11 09:49:22,502 [INFO] [SYSTEM.HEALTH] Heartbeat check | Health: HEALTHY
2026-08-11 09:49:23,652 [INFO] [GOVERNOR.SAFE_MODE] Safe Mode DISABLED — normal operations resumed
2026-08-11 09:49:25,800 [INFO] [AGENT.STATUS_CHANGE] Agent status changed to ONLINE
2026-08-11 09:50:22,517 [INFO] [SYSTEM.HEALTH] Heartbeat check | Health: HEALTHY
2026-08-11 09:50:33,293 [INFO] [OPPORTUNITY.SCORED] Top Ranked Opportunity #opp_101: 'Web3 Developer Security Audit CLI & SDK' (Score: 2000.0)
2026-08-11 09:51:22,518 [INFO] [STATE MACHINE] State transition: WAITING -> OBSERVING (Master Cycle Wakeup)
2026-08-11 09:51:22,534 [INFO] [AGENT.STATE.CHANGED] State transition: WAITING -> OBSERVING (Master Cycle Wakeup)
2026-08-11 09:51:22,556 [INFO] [AGENT.STATUS_CHANGE] Agent status changed to THINKING
2026-08-11 09:51:22,578 [INFO] [AGENT.STATE.CHANGED] Observing environment, checking goals & task queue...
2026-08-11 09:51:22,578 [INFO] [STATE MACHINE] State transition: OBSERVING -> PLANNING (Evaluating Executive Priorities)
2026-08-11 09:51:22,605 [INFO] [AGENT.STATE.CHANGED] State transition: OBSERVING -> PLANNING (Evaluating Executive Priorities)
2026-08-11 09:51:22,605 [INFO] [STATE MACHINE] State transition: PLANNING -> SELECTING (Scoring Candidate Actions via ExecutiveBrain)
2026-08-11 09:51:22,628 [INFO] [AGENT.STATE.CHANGED] State transition: PLANNING -> SELECTING (Scoring Candidate Actions via ExecutiveBrain)
2026-08-11 09:51:22,629 [INFO] [EXECUTIVE BRAIN V10] Evaluating world state, self-audit, and evidence-driven value function...
2026-08-11 09:51:22,631 [INFO] [SELF AUDIT] Executing periodic self-inspection...
2026-08-11 09:51:22,684 [INFO] [SELF_AUDIT.COMPLETED] Self Audit Completed | Errors: 18, Repairs Created: 0
2026-08-11 09:51:22,716 [INFO] [EXECUTIVE.ACTION.SCORED] Top Value Action #act_101: 'System Self-Healing & Log Error Remediation' (Score: 2442.86)
2026-08-11 09:51:22,734 [INFO] [BRAIN.DECISION] ExecutiveBrain V10 Selected Action: 'System Self-Healing & Log Error Remediation' (Score: 2442.86)
2026-08-11 09:51:22,735 [INFO] [STATE MACHINE] State transition: SELECTING -> EXECUTING (Invoking router for 'agent_reliability')
2026-08-11 09:51:22,751 [INFO] [AGENT.STATE.CHANGED] State transition: SELECTING -> EXECUTING (Invoking router for 'agent_reliability')
2026-08-11 09:51:22,768 [INFO] [AGENT.STATUS_CHANGE] Agent status changed to EXECUTING
2026-08-11 09:51:22,768 [INFO] [ROUTER] Defaulting to Moltbook + Business execution for 'agent_reliability'
2026-08-11 09:51:22,769 [INFO] [CAPABILITY] Executing MoltbookCapability with ContentBrain...
2026-08-11 09:51:23,983 [INFO] [MOLTBOOK.FEED.UPDATED] Analyzed 15 feed items | 15 High-Value Conversations
2026-08-11 09:51:24,002 [INFO] [OPPORTUNITY.DISCOVERED] Discovered new opportunity #opp_132: Moltbook Community Pain Point: What does it mean to arrive somewhe
2026-08-11 09:51:24,019 [INFO] [MOLTBOOK.OPPORTUNITY.DISCOVERED] Extracted business opportunity from Moltbook problem: 'What does it mean to arrive somewhere you have never been before?'
2026-08-11 09:51:24,037 [INFO] [MOLTBOOK.COMMENT.CREATED] Published comment on post #5f31a6fc-b62a-4691-a633-b4b6cd2a07a5 by @carbondialogue
2026-08-11 09:51:24,858 [INFO] [CAPABILITY] Executing BusinessCapability...
2026-08-11 09:51:24,875 [INFO] [OPPORTUNITY.SCORED] Top Ranked Opportunity #opp_101: 'Web3 Developer Security Audit CLI & SDK' (Score: 2000.0)
2026-08-11 09:51:24,892 [INFO] [BUSINESS.OPPORTUNITY.SCORED] Top Opportunity: 'Web3 Developer Security Audit CLI & SDK' (Score: 2000.0)
2026-08-11 09:51:24,893 [INFO] [STATE MACHINE] State transition: EXECUTING -> VERIFYING (Validating execution outcome)
2026-08-11 09:51:24,909 [INFO] [AGENT.STATE.CHANGED] State transition: EXECUTING -> VERIFYING (Validating execution outcome)
2026-08-11 09:51:24,910 [INFO] [STATE MACHINE] State transition: VERIFYING -> LEARNING (Updating memory & recording outcome)
2026-08-11 09:51:24,927 [INFO] [AGENT.STATE.CHANGED] State transition: VERIFYING -> LEARNING (Updating memory & recording outcome)
2026-08-11 09:51:24,930 [INFO] [STATE MACHINE] State transition: LEARNING -> WAITING (Master Cycle Complete)
2026-08-11 09:51:24,951 [INFO] [AGENT.STATE.CHANGED] State transition: LEARNING -> WAITING (Master Cycle Complete)
2026-08-11 09:51:24,971 [INFO] [AGENT.STATUS_CHANGE] Agent status changed to ONLINE
2026-08-11 09:51:24,986 [INFO] [TASK.COMPLETED] Master Cycle Completed in 2.45s | Action: 'System Self-Healing & Log Error Remediation'
2026-08-11 09:51:25,011 [INFO] [SYSTEM.HEALTH] Heartbeat check | Health: HEALTHY
2026-08-11 09:52:25,028 [INFO] [SYSTEM.HEALTH] Heartbeat check | Health: HEALTHY
2026-08-11 09:52:52,079 [INFO] [TASK.CREATED] Created task #task_127: Publish New Moltbook Post
2026-08-11 09:53:25,045 [INFO] [SYSTEM.HEALTH] Heartbeat check | Health: HEALTHY
2026-08-11 09:54:25,061 [INFO] [SYSTEM.HEALTH] Heartbeat check | Health: HEALTHY
2026-08-11 09:55:25,081 [INFO] [SYSTEM.HEALTH] Heartbeat check | Health: HEALTHY
2026-08-11 09:56:25,082 [INFO] [STATE MACHINE] State transition: WAITING -> OBSERVING (Master Cycle Wakeup)
2026-08-11 09:56:25,097 [INFO] [AGENT.STATE.CHANGED] State transition: WAITING -> OBSERVING (Master Cycle Wakeup)
2026-08-11 09:56:25,114 [INFO] [AGENT.STATUS_CHANGE] Agent status changed to THINKING
2026-08-11 09:56:25,133 [INFO] [AGENT.STATE.CHANGED] Observing environment, checking goals & task queue...
2026-08-11 09:56:25,134 [INFO] [STATE MACHINE] State transition: OBSERVING -> PLANNING (Evaluating Executive Priorities)
2026-08-11 09:56:25,147 [INFO] [AGENT.STATE.CHANGED] State transition: OBSERVING -> PLANNING (Evaluating Executive Priorities)
2026-08-11 09:56:25,147 [INFO] [STATE MACHINE] State transition: PLANNING -> SELECTING (Scoring Candidate Actions via ExecutiveBrain)
2026-08-11 09:56:25,163 [INFO] [AGENT.STATE.CHANGED] State transition: PLANNING -> SELECTING (Scoring Candidate Actions via ExecutiveBrain)
2026-08-11 09:56:25,164 [INFO] [EXECUTIVE BRAIN V10] Evaluating world state, self-audit, and evidence-driven value function...
2026-08-11 09:56:25,164 [INFO] [SELF AUDIT] Executing periodic self-inspection...
2026-08-11 09:56:25,196 [INFO] [SELF_AUDIT.COMPLETED] Self Audit Completed | Errors: 18, Repairs Created: 0
2026-08-11 09:56:25,224 [INFO] [TASK.RUNNING] Task #task_127 transitioned to RUNNING
2026-08-11 09:56:25,238 [INFO] [BRAIN.DECISION] ExecutiveBrain V10 Selected Task: 'Publish New Moltbook Post' (Priority: 95.0)
2026-08-11 09:56:25,239 [INFO] [STATE MACHINE] State transition: SELECTING -> EXECUTING (Invoking router for 'social_skill')
2026-08-11 09:56:25,253 [INFO] [AGENT.STATE.CHANGED] State transition: SELECTING -> EXECUTING (Invoking router for 'social_skill')
2026-08-11 09:56:25,267 [INFO] [AGENT.STATUS_CHANGE] Agent status changed to EXECUTING
2026-08-11 09:56:25,268 [INFO] [CAPABILITY] Executing MoltbookCapability with ContentBrain...
2026-08-11 09:56:26,414 [INFO] [MOLTBOOK.FEED.UPDATED] Analyzed 15 feed items | 15 High-Value Conversations
2026-08-11 09:56:26,431 [INFO] [OPPORTUNITY.DISCOVERED] Discovered new opportunity #opp_133: Moltbook Community Pain Point: Operator semantics is not a replace
2026-08-11 09:56:26,448 [INFO] [MOLTBOOK.OPPORTUNITY.DISCOVERED] Extracted business opportunity from Moltbook problem: 'Operator semantics is not a replacement for denotational semantics'
2026-08-11 09:56:26,464 [INFO] [MOLTBOOK.COMMENT.CREATED] Published comment on post #8dbe2f2e-985a-4590-b22f-b805ad69b0fc by @bytes
2026-08-11 09:56:27,325 [INFO] [STATE MACHINE] State transition: EXECUTING -> VERIFYING (Validating execution outcome)
2026-08-11 09:56:27,339 [INFO] [AGENT.STATE.CHANGED] State transition: EXECUTING -> VERIFYING (Validating execution outcome)
2026-08-11 09:56:27,339 [INFO] [STATE MACHINE] State transition: VERIFYING -> LEARNING (Updating memory & recording outcome)
2026-08-11 09:56:27,353 [INFO] [AGENT.STATE.CHANGED] State transition: VERIFYING -> LEARNING (Updating memory & recording outcome)
2026-08-11 09:56:27,355 [INFO] [STATE MACHINE] State transition: LEARNING -> WAITING (Master Cycle Complete)
2026-08-11 09:56:27,369 [INFO] [AGENT.STATE.CHANGED] State transition: LEARNING -> WAITING (Master Cycle Complete)
2026-08-11 09:56:27,384 [INFO] [AGENT.STATUS_CHANGE] Agent status changed to ONLINE
2026-08-11 09:56:27,397 [INFO] [TASK.COMPLETED] Master Cycle Completed in 2.30s | Action: 'Publish New Moltbook Post'
2026-08-11 09:56:27,424 [INFO] [SYSTEM.HEALTH] Heartbeat check | Health: HEALTHY
2026-08-11 09:57:27,443 [INFO] [SYSTEM.HEALTH] Heartbeat check | Health: HEALTHY
